#
# A fatal error has been detected by the Java Runtime Environment:
#
# java.lang.OutOfMemoryError: Cannot create worker GC thread. Out of system resources.
#
#  Internal Error (yieldingWorkgroup.cpp:53), pid=76070, tid=140016526649088
#  Error: Cannot create worker GC thread. Out of system resources.
#
# JRE version: 6.0_22-b04
# Java VM: Java HotSpot(TM) 64-Bit Server VM (17.1-b03 mixed mode linux-amd64 compressed oops)
# If you would like to submit a bug report, please visit:
#   http://java.sun.com/webapps/bugreport/crash.jsp
#

---------------  T H R E A D  ---------------

Current thread (0x00007f581c008000):  JavaThread "Unknown thread" [_thread_in_vm, id=76071, stack(0x00007f5823457000,0x00007f5823557000)]

Stack: [0x00007f5823457000,0x00007f5823557000],  sp=0x00007f58235557e0,  free space=3f90000000000000018k
Native frames: (J=compiled Java code, j=interpreted, Vv=VM code, C=native code)
V  [libjvm.so+0x7306a0]
V  [libjvm.so+0x2f31e8]
V  [libjvm.so+0x747e86]
V  [libjvm.so+0x2d0358]
V  [libjvm.so+0x37a9fa]
V  [libjvm.so+0x70a129]
V  [libjvm.so+0x709c7a]
V  [libjvm.so+0x3b5690]
V  [libjvm.so+0x6f1d5f]
V  [libjvm.so+0x420060]


---------------  P R O C E S S  ---------------

Java Threads: ( => current thread )

Other Threads:

=>0x00007f581c008000 (exited) JavaThread "Unknown thread" [_thread_in_vm, id=76071, stack(0x00007f5823457000,0x00007f5823557000)]

VM state:not at safepoint (not fully initialized)

VM Mutex/Monitor currently owned by a thread: None

Dynamic libraries:
40000000-40009000 r-xp 00000000 fd:00 647108122                          /cao/Softs/mentor/ams/JRE/v1.6.0_22/aol/bin/java
40108000-4010a000 rwxp 00008000 fd:00 647108122                          /cao/Softs/mentor/ams/JRE/v1.6.0_22/aol/bin/java
4030c000-4032d000 rwxp 00000000 00:00 0                                  [heap]
7f4f3bd20000-7f4f3bd21000 ---p 00000000 00:00 0 
7f4f3bd21000-7f4f5da45000 rwxp 00000000 00:00 0 
7f4f5da45000-7f4f5db3b000 rwxp 00000000 00:00 0 
7f4f5db3b000-7f4f63ff0000 rwxp 00000000 00:00 0 
7f4f63ff0000-7f4f64000000 ---p 00000000 00:00 0 
7f4f64000000-7f57354c0000 rwxp 00000000 00:00 0 
7f57354c0000-7f5754021000 rwxp 00000000 00:00 0 
7f5754021000-7f5758000000 ---p 00000000 00:00 0 
7f575807f000-7f575bf0a000 rwxp 00000000 00:00 0 
7f575bf0a000-7f575bfff000 rwxp 00000000 00:00 0 
7f575bfff000-7f575c000000 rwxp 00000000 00:00 0 
7f575c000000-7f575c021000 rwxp 00000000 00:00 0 
7f575c021000-7f5760000000 ---p 00000000 00:00 0 
7f5760000000-7f5760021000 rwxp 00000000 00:00 0 
7f5760021000-7f5764000000 ---p 00000000 00:00 0 
7f5764000000-7f5764021000 rwxp 00000000 00:00 0 
7f5764021000-7f5768000000 ---p 00000000 00:00 0 
7f5768000000-7f5768021000 rwxp 00000000 00:00 0 
7f5768021000-7f576c000000 ---p 00000000 00:00 0 
7f576c000000-7f576c021000 rwxp 00000000 00:00 0 
7f576c021000-7f5770000000 ---p 00000000 00:00 0 
7f5770000000-7f5770021000 rwxp 00000000 00:00 0 
7f5770021000-7f5774000000 ---p 00000000 00:00 0 
7f5774000000-7f5774021000 rwxp 00000000 00:00 0 
7f5774021000-7f5778000000 ---p 00000000 00:00 0 
7f5778000000-7f5778021000 rwxp 00000000 00:00 0 
7f5778021000-7f577c000000 ---p 00000000 00:00 0 
7f577c000000-7f577c021000 rwxp 00000000 00:00 0 
7f577c021000-7f5780000000 ---p 00000000 00:00 0 
7f5780000000-7f5780021000 rwxp 00000000 00:00 0 
7f5780021000-7f5784000000 ---p 00000000 00:00 0 
7f5784000000-7f5784021000 rwxp 00000000 00:00 0 
7f5784021000-7f5788000000 ---p 00000000 00:00 0 
7f5788000000-7f5788021000 rwxp 00000000 00:00 0 
7f5788021000-7f578c000000 ---p 00000000 00:00 0 
7f578c000000-7f578c021000 rwxp 00000000 00:00 0 
7f578c021000-7f5790000000 ---p 00000000 00:00 0 
7f5790000000-7f5790021000 rwxp 00000000 00:00 0 
7f5790021000-7f5794000000 ---p 00000000 00:00 0 
7f5794000000-7f5794021000 rwxp 00000000 00:00 0 
7f5794021000-7f5798000000 ---p 00000000 00:00 0 
7f5798000000-7f5798021000 rwxp 00000000 00:00 0 
7f5798021000-7f579c000000 ---p 00000000 00:00 0 
7f579c000000-7f579c021000 rwxp 00000000 00:00 0 
7f579c021000-7f57a0000000 ---p 00000000 00:00 0 
7f57a0000000-7f57a0021000 rwxp 00000000 00:00 0 
7f57a0021000-7f57a4000000 ---p 00000000 00:00 0 
7f57a4000000-7f57a4021000 rwxp 00000000 00:00 0 
7f57a4021000-7f57a8000000 ---p 00000000 00:00 0 
7f57a8000000-7f57a8021000 rwxp 00000000 00:00 0 
7f57a8021000-7f57ac000000 ---p 00000000 00:00 0 
7f57ac000000-7f57ac021000 rwxp 00000000 00:00 0 
7f57ac021000-7f57b0000000 ---p 00000000 00:00 0 
7f57b0000000-7f57b0021000 rwxp 00000000 00:00 0 
7f57b0021000-7f57b4000000 ---p 00000000 00:00 0 
7f57b4000000-7f57b4021000 rwxp 00000000 00:00 0 
7f57b4021000-7f57b8000000 ---p 00000000 00:00 0 
7f57b8000000-7f57b8021000 rwxp 00000000 00:00 0 
7f57b8021000-7f57bc000000 ---p 00000000 00:00 0 
7f57bc000000-7f57bc021000 rwxp 00000000 00:00 0 
7f57bc021000-7f57c0000000 ---p 00000000 00:00 0 
7f57c0000000-7f57c0021000 rwxp 00000000 00:00 0 
7f57c0021000-7f57c4000000 ---p 00000000 00:00 0 
7f57c4000000-7f57c4021000 rwxp 00000000 00:00 0 
7f57c4021000-7f57c8000000 ---p 00000000 00:00 0 
7f57c8000000-7f57c8021000 rwxp 00000000 00:00 0 
7f57c8021000-7f57cc000000 ---p 00000000 00:00 0 
7f57cc000000-7f57cc021000 rwxp 00000000 00:00 0 
7f57cc021000-7f57d0000000 ---p 00000000 00:00 0 
7f57d0000000-7f57d0021000 rwxp 00000000 00:00 0 
7f57d0021000-7f57d4000000 ---p 00000000 00:00 0 
7f57d4000000-7f57d4021000 rwxp 00000000 00:00 0 
7f57d4021000-7f57d8000000 ---p 00000000 00:00 0 
7f57d8000000-7f57d8021000 rwxp 00000000 00:00 0 
7f57d8021000-7f57dc000000 ---p 00000000 00:00 0 
7f57dc000000-7f57dc021000 rwxp 00000000 00:00 0 
7f57dc021000-7f57e0000000 ---p 00000000 00:00 0 
7f57e0000000-7f57e0021000 rwxp 00000000 00:00 0 
7f57e0021000-7f57e4000000 ---p 00000000 00:00 0 
7f57e4000000-7f57e4021000 rwxp 00000000 00:00 0 
7f57e4021000-7f57e8000000 ---p 00000000 00:00 0 
7f57e8000000-7f57e8021000 rwxp 00000000 00:00 0 
7f57e8021000-7f57ec000000 ---p 00000000 00:00 0 
7f57ec000000-7f57ec021000 rwxp 00000000 00:00 0 
7f57ec021000-7f57f0000000 ---p 00000000 00:00 0 
7f57f0000000-7f57f0021000 rwxp 00000000 00:00 0 
7f57f0021000-7f57f4000000 ---p 00000000 00:00 0 
7f57f4000000-7f57f4021000 rwxp 00000000 00:00 0 
7f57f4021000-7f57f8000000 ---p 00000000 00:00 0 
7f57f8000000-7f57f8021000 rwxp 00000000 00:00 0 
7f57f8021000-7f57fc000000 ---p 00000000 00:00 0 
7f57fc000000-7f57fc021000 rwxp 00000000 00:00 0 
7f57fc021000-7f5800000000 ---p 00000000 00:00 0 
7f5800000000-7f5800021000 rwxp 00000000 00:00 0 
7f5800021000-7f5804000000 ---p 00000000 00:00 0 
7f5804000000-7f5804021000 rwxp 00000000 00:00 0 
7f5804021000-7f5808000000 ---p 00000000 00:00 0 
7f5808000000-7f5808021000 rwxp 00000000 00:00 0 
7f5808021000-7f580c000000 ---p 00000000 00:00 0 
7f580c000000-7f580c021000 rwxp 00000000 00:00 0 
7f580c021000-7f5810000000 ---p 00000000 00:00 0 
7f5810000000-7f5810021000 rwxp 00000000 00:00 0 
7f5810021000-7f5814000000 ---p 00000000 00:00 0 
7f5814000000-7f5814021000 rwxp 00000000 00:00 0 
7f5814021000-7f5818000000 ---p 00000000 00:00 0 
7f58180f1000-7f58188f9000 rwxp 00000000 00:00 0 
7f58188f9000-7f58188fa000 ---p 00000000 00:00 0 
7f58188fa000-7f58189fa000 rwxp 00000000 00:00 0 
7f58189fa000-7f58189fb000 ---p 00000000 00:00 0 
7f58189fb000-7f5818afb000 rwxp 00000000 00:00 0 
7f5818afb000-7f5818afc000 ---p 00000000 00:00 0 
7f5818afc000-7f5818bfc000 rwxp 00000000 00:00 0 
7f5818bfc000-7f5818bfd000 ---p 00000000 00:00 0 
7f5818bfd000-7f5818cfd000 rwxp 00000000 00:00 0 
7f5818cfd000-7f5818cfe000 ---p 00000000 00:00 0 
7f5818cfe000-7f5818dfe000 rwxp 00000000 00:00 0 
7f5818dfe000-7f5818dff000 ---p 00000000 00:00 0 
7f5818dff000-7f5818eff000 rwxp 00000000 00:00 0 
7f5818eff000-7f5818f00000 ---p 00000000 00:00 0 
7f5818f00000-7f5819270000 rwxp 00000000 00:00 0 
7f5819270000-7f581c529000 rwxp 00000000 00:00 0 
7f581c529000-7f5820000000 ---p 00000000 00:00 0 
7f582009b000-7f582009c000 ---p 00000000 00:00 0 
7f582009c000-7f582019c000 rwxp 00000000 00:00 0 
7f582019c000-7f582019d000 ---p 00000000 00:00 0 
7f582019d000-7f582029d000 rwxp 00000000 00:00 0 
7f582029d000-7f582029e000 ---p 00000000 00:00 0 
7f582029e000-7f582039e000 rwxp 00000000 00:00 0 
7f582039e000-7f582039f000 ---p 00000000 00:00 0 
7f582039f000-7f582049f000 rwxp 00000000 00:00 0 
7f582049f000-7f58204a0000 ---p 00000000 00:00 0 
7f58204a0000-7f58205a0000 rwxp 00000000 00:00 0 
7f58205a0000-7f58205a1000 ---p 00000000 00:00 0 
7f58205a1000-7f58206a1000 rwxp 00000000 00:00 0 
7f58206a1000-7f58206a2000 ---p 00000000 00:00 0 
7f58206a2000-7f58207a2000 rwxp 00000000 00:00 0 
7f58207a2000-7f58207a3000 ---p 00000000 00:00 0 
7f58207a3000-7f58208a3000 rwxp 00000000 00:00 0 
7f58208a3000-7f58208a4000 ---p 00000000 00:00 0 
7f58208a4000-7f58209a4000 rwxp 00000000 00:00 0 
7f58209a4000-7f58209a5000 ---p 00000000 00:00 0 
7f58209a5000-7f5820aa5000 rwxp 00000000 00:00 0 
7f5820aa5000-7f5820aa6000 ---p 00000000 00:00 0 
7f5820aa6000-7f5820ba6000 rwxp 00000000 00:00 0 
7f5820ba6000-7f5820ba7000 ---p 00000000 00:00 0 
7f5820ba7000-7f5820ca7000 rwxp 00000000 00:00 0 
7f5820ca7000-7f5820ca8000 ---p 00000000 00:00 0 
7f5820ca8000-7f5820da8000 rwxp 00000000 00:00 0 
7f5820da8000-7f5820da9000 ---p 00000000 00:00 0 
7f5820da9000-7f5820ea9000 rwxp 00000000 00:00 0 
7f5820ea9000-7f5820eaa000 ---p 00000000 00:00 0 
7f5820eaa000-7f5820faa000 rwxp 00000000 00:00 0 
7f5820faa000-7f5820fab000 ---p 00000000 00:00 0 
7f5820fab000-7f58210ab000 rwxp 00000000 00:00 0 
7f58210ab000-7f58210ac000 ---p 00000000 00:00 0 
7f58210ac000-7f58211ac000 rwxp 00000000 00:00 0 
7f58211ac000-7f58211ad000 ---p 00000000 00:00 0 
7f58211ad000-7f58212ad000 rwxp 00000000 00:00 0 
7f58212ad000-7f58212ae000 ---p 00000000 00:00 0 
7f58212ae000-7f58213ae000 rwxp 00000000 00:00 0 
7f58213ae000-7f58213af000 ---p 00000000 00:00 0 
7f58213af000-7f58214af000 rwxp 00000000 00:00 0 
7f58214af000-7f58214b0000 ---p 00000000 00:00 0 
7f58214b0000-7f58215b0000 rwxp 00000000 00:00 0 
7f58215b0000-7f58215b1000 ---p 00000000 00:00 0 
7f58215b1000-7f58216b1000 rwxp 00000000 00:00 0 
7f58216b1000-7f58216b2000 ---p 00000000 00:00 0 
7f58216b2000-7f58217b2000 rwxp 00000000 00:00 0 
7f58217b2000-7f58217b3000 ---p 00000000 00:00 0 
7f58217b3000-7f58218b3000 rwxp 00000000 00:00 0 
7f58218b3000-7f58218b4000 ---p 00000000 00:00 0 
7f58218b4000-7f58219b4000 rwxp 00000000 00:00 0 
7f58219b4000-7f58219b5000 ---p 00000000 00:00 0 
7f58219b5000-7f5821ab5000 rwxp 00000000 00:00 0 
7f5821ab5000-7f5821ab6000 ---p 00000000 00:00 0 
7f5821ab6000-7f5821bb6000 rwxp 00000000 00:00 0 
7f5821bb6000-7f5821bb7000 ---p 00000000 00:00 0 
7f5821bb7000-7f5821cb7000 rwxp 00000000 00:00 0 
7f5821cb7000-7f5821cb8000 ---p 00000000 00:00 0 
7f5821cb8000-7f5821db8000 rwxp 00000000 00:00 0 
7f5821db8000-7f5821db9000 ---p 00000000 00:00 0 
7f5821db9000-7f5821eb9000 rwxp 00000000 00:00 0 
7f5821eb9000-7f5821eba000 ---p 00000000 00:00 0 
7f5821eba000-7f5821fba000 rwxp 00000000 00:00 0 
7f5821fba000-7f5821fbb000 ---p 00000000 00:00 0 
7f5821fbb000-7f58220bb000 rwxp 00000000 00:00 0 
7f58220bb000-7f58220bc000 ---p 00000000 00:00 0 
7f58220bc000-7f58221bc000 rwxp 00000000 00:00 0 
7f58221bc000-7f58221bd000 ---p 00000000 00:00 0 
7f58221bd000-7f58222bd000 rwxp 00000000 00:00 0 
7f58222bd000-7f58222be000 ---p 00000000 00:00 0 
7f58222be000-7f58223be000 rwxp 00000000 00:00 0 
7f58223be000-7f58223bf000 ---p 00000000 00:00 0 
7f58223bf000-7f58224bf000 rwxp 00000000 00:00 0 
7f58224bf000-7f58224c0000 ---p 00000000 00:00 0 
7f58224c0000-7f58225c0000 rwxp 00000000 00:00 0 
7f58225c0000-7f58225c1000 ---p 00000000 00:00 0 
7f58225c1000-7f58226c1000 rwxp 00000000 00:00 0 
7f58226c1000-7f58226c2000 ---p 00000000 00:00 0 
7f58226c2000-7f58227c2000 rwxp 00000000 00:00 0 
7f58227c2000-7f58227c3000 ---p 00000000 00:00 0 
7f58227c3000-7f58228c3000 rwxp 00000000 00:00 0 
7f58228c3000-7f58228c4000 ---p 00000000 00:00 0 
7f58228c4000-7f58229c4000 rwxp 00000000 00:00 0 
7f58229c4000-7f58229d2000 r-xp 00000000 fd:00 87205417                   /cao/Softs/mentor/ams/JRE/v1.6.0_22/aol/lib/amd64/libzip.so
7f58229d2000-7f5822ad4000 ---p 0000e000 fd:00 87205417                   /cao/Softs/mentor/ams/JRE/v1.6.0_22/aol/lib/amd64/libzip.so
7f5822ad4000-7f5822ad7000 rwxp 00010000 fd:00 87205417                   /cao/Softs/mentor/ams/JRE/v1.6.0_22/aol/lib/amd64/libzip.so
7f5822ad7000-7f5822ad8000 rwxp 00000000 00:00 0 
7f5822ad8000-7f5822ae4000 r-xp 00000000 fd:00 268516897                  /usr/lib64/libnss_files-2.17.so
7f5822ae4000-7f5822ce3000 ---p 0000c000 fd:00 268516897                  /usr/lib64/libnss_files-2.17.so
7f5822ce3000-7f5822ce4000 r-xp 0000b000 fd:00 268516897                  /usr/lib64/libnss_files-2.17.so
7f5822ce4000-7f5822ce5000 rwxp 0000c000 fd:00 268516897                  /usr/lib64/libnss_files-2.17.so
7f5822ce5000-7f5822ceb000 rwxp 00000000 00:00 0 
7f5822ceb000-7f5822cf2000 r-xp 00000000 fd:00 87205346                   /cao/Softs/mentor/ams/JRE/v1.6.0_22/aol/lib/amd64/native_threads/libhpi.so
7f5822cf2000-7f5822df3000 ---p 00007000 fd:00 87205346                   /cao/Softs/mentor/ams/JRE/v1.6.0_22/aol/lib/amd64/native_threads/libhpi.so
7f5822df3000-7f5822df5000 rwxp 00008000 fd:00 87205346                   /cao/Softs/mentor/ams/JRE/v1.6.0_22/aol/lib/amd64/native_threads/libhpi.so
7f5822df5000-7f5822df6000 rwxp 00000000 00:00 0 
7f5822df6000-7f5822e0d000 r-xp 00000000 fd:00 268516889                  /usr/lib64/libnsl-2.17.so
7f5822e0d000-7f582300c000 ---p 00017000 fd:00 268516889                  /usr/lib64/libnsl-2.17.so
7f582300c000-7f582300d000 r-xp 00016000 fd:00 268516889                  /usr/lib64/libnsl-2.17.so
7f582300d000-7f582300e000 rwxp 00017000 fd:00 268516889                  /usr/lib64/libnsl-2.17.so
7f582300e000-7f5823010000 rwxp 00000000 00:00 0 
7f5823010000-7f5823038000 r-xp 00000000 fd:00 87205364                   /cao/Softs/mentor/ams/JRE/v1.6.0_22/aol/lib/amd64/libjava.so
7f5823038000-7f5823138000 ---p 00028000 fd:00 87205364                   /cao/Softs/mentor/ams/JRE/v1.6.0_22/aol/lib/amd64/libjava.so
7f5823138000-7f582313f000 rwxp 00028000 fd:00 87205364                   /cao/Softs/mentor/ams/JRE/v1.6.0_22/aol/lib/amd64/libjava.so
7f582313f000-7f582314c000 r-xp 00000000 fd:00 87205416                   /cao/Softs/mentor/ams/JRE/v1.6.0_22/aol/lib/amd64/libverify.so
7f582314c000-7f582324b000 ---p 0000d000 fd:00 87205416                   /cao/Softs/mentor/ams/JRE/v1.6.0_22/aol/lib/amd64/libverify.so
7f582324b000-7f582324e000 rwxp 0000c000 fd:00 87205416                   /cao/Softs/mentor/ams/JRE/v1.6.0_22/aol/lib/amd64/libverify.so
7f582324e000-7f5823255000 r-xp 00000000 fd:00 268516909                  /usr/lib64/librt-2.17.so
7f5823255000-7f5823454000 ---p 00007000 fd:00 268516909                  /usr/lib64/librt-2.17.so
7f5823454000-7f5823455000 r-xp 00006000 fd:00 268516909                  /usr/lib64/librt-2.17.so
7f5823455000-7f5823456000 rwxp 00007000 fd:00 268516909                  /usr/lib64/librt-2.17.so
7f5823456000-7f582345a000 ---p 00000000 00:00 0 
7f582345a000-7f5823557000 rwxp 00000000 00:00 0 
7f5823557000-7f5823658000 r-xp 00000000 fd:00 268516887                  /usr/lib64/libm-2.17.so
7f5823658000-7f5823857000 ---p 00101000 fd:00 268516887                  /usr/lib64/libm-2.17.so
7f5823857000-7f5823858000 r-xp 00100000 fd:00 268516887                  /usr/lib64/libm-2.17.so
7f5823858000-7f5823859000 rwxp 00101000 fd:00 268516887                  /usr/lib64/libm-2.17.so
7f5823859000-7f5824033000 r-xp 00000000 fd:00 87205348                   /cao/Softs/mentor/ams/JRE/v1.6.0_22/aol/lib/amd64/server/libjvm.so
7f5824033000-7f5824135000 ---p 007da000 fd:00 87205348                   /cao/Softs/mentor/ams/JRE/v1.6.0_22/aol/lib/amd64/server/libjvm.so
7f5824135000-7f58242c6000 rwxp 007dc000 fd:00 87205348                   /cao/Softs/mentor/ams/JRE/v1.6.0_22/aol/lib/amd64/server/libjvm.so
7f58242c6000-7f5824301000 rwxp 00000000 00:00 0 
7f5824301000-7f58244c4000 r-xp 00000000 fd:00 268516879                  /usr/lib64/libc-2.17.so
7f58244c4000-7f58246c4000 ---p 001c3000 fd:00 268516879                  /usr/lib64/libc-2.17.so
7f58246c4000-7f58246c8000 r-xp 001c3000 fd:00 268516879                  /usr/lib64/libc-2.17.so
7f58246c8000-7f58246ca000 rwxp 001c7000 fd:00 268516879                  /usr/lib64/libc-2.17.so
7f58246ca000-7f58246cf000 rwxp 00000000 00:00 0 
7f58246cf000-7f58246d1000 r-xp 00000000 fd:00 268516885                  /usr/lib64/libdl-2.17.so
7f58246d1000-7f58248d1000 ---p 00002000 fd:00 268516885                  /usr/lib64/libdl-2.17.so
7f58248d1000-7f58248d2000 r-xp 00002000 fd:00 268516885                  /usr/lib64/libdl-2.17.so
7f58248d2000-7f58248d3000 rwxp 00003000 fd:00 268516885                  /usr/lib64/libdl-2.17.so
7f58248d3000-7f58248ea000 r-xp 00000000 fd:00 268516905                  /usr/lib64/libpthread-2.17.so
7f58248ea000-7f5824ae9000 ---p 00017000 fd:00 268516905                  /usr/lib64/libpthread-2.17.so
7f5824ae9000-7f5824aea000 r-xp 00016000 fd:00 268516905                  /usr/lib64/libpthread-2.17.so
7f5824aea000-7f5824aeb000 rwxp 00017000 fd:00 268516905                  /usr/lib64/libpthread-2.17.so
7f5824aeb000-7f5824aef000 rwxp 00000000 00:00 0 
7f5824aef000-7f5824b11000 r-xp 00000000 fd:00 268516872                  /usr/lib64/ld-2.17.so
7f5824b36000-7f5824b40000 rwxp 00000000 00:00 0 
7f5824b40000-7f5824bf6000 rwxp 00000000 00:00 0 
7f5824bf6000-7f5824bfe000 rwxs 00000000 fd:00 652427884                  /tmp/hsperfdata_filip/76070
7f5824bfe000-7f5824bff000 rwxp 00000000 00:00 0 
7f5824bff000-7f5824c00000 r-xp 00000000 00:00 0 
7f5824c00000-7f5824c04000 rwxp 00000000 00:00 0 
7f5824c04000-7f5824c0b000 r-xp 00000000 fd:00 352390253                  /cao/Softs/mentor/ams/JRE/v1.6.0_22/aol/lib/amd64/jli/libjli.so
7f5824c0b000-7f5824d0c000 ---p 00007000 fd:00 352390253                  /cao/Softs/mentor/ams/JRE/v1.6.0_22/aol/lib/amd64/jli/libjli.so
7f5824d0c000-7f5824d0e000 rwxp 00008000 fd:00 352390253                  /cao/Softs/mentor/ams/JRE/v1.6.0_22/aol/lib/amd64/jli/libjli.so
7f5824d0e000-7f5824d10000 rwxp 00000000 00:00 0 
7f5824d10000-7f5824d11000 r-xp 00021000 fd:00 268516872                  /usr/lib64/ld-2.17.so
7f5824d11000-7f5824d12000 rwxp 00022000 fd:00 268516872                  /usr/lib64/ld-2.17.so
7f5824d12000-7f5824d13000 rwxp 00000000 00:00 0 
7fff0595c000-7fff05984000 rwxp 00000000 00:00 0                          [stack]
7fff05996000-7fff05998000 r-xp 00000000 00:00 0                          [vdso]
ffffffffff600000-ffffffffff601000 r-xp 00000000 00:00 0                  [vsyscall]

VM Arguments:
jvm_args: -DMGC_TMPDIR=/tmp -DAMS_WDBSERVER_INFO=/home/filip/.ezwave/jwdbserver.info -DAMS_WDBSERVER_TIMEOUT=60 -DEZ_HOME=/home/filip -DMGC_AMS_HOME=/cao/Softs/mentor/ams -DAMS_VCO=aol -Djava.library.path=/cao/Softs/mentor/ams/aol/lib/lib -Xrs -Xms32000M -Xmx32000M -XX:MaxPermSize=512m -XX:+UseConcMarkSweepGC -XX:+UseParNewGC -XX:+CMSParallelRemarkEnabled -XX:CMSInitiatingOccupancyFraction=30 -XX:+UseCMSInitiatingOccupancyOnly -XX:-UseGCOverheadLimit -XX:+UseStringCache -XX:+OptimizeStringConcat -XX:+UseCompressedOops 
java_command: /cao/Softs/mentor/ams/aol/lib/wdbserver.jar
Launcher Type: SUN_STANDARD

Environment Variables:
LD_LIBRARY_PATH=/cao/Softs/mentor/ams/JRE/v1.6.0_22/aol/lib/amd64/server:/cao/Softs/mentor/ams/JRE/v1.6.0_22/aol/lib/amd64:/cao/Softs/mentor/ams/JRE/v1.6.0_22/aol/../lib/amd64:/cao/Softs/mentor/ams/devenv_tools/x86_64/2.6.18.128.el5/lib64:/cao/Softs/mentor/ams/devenv_tools/x86_64/2.6.18.128.el5/lib64:/cao/Softs/mentor/ams/devenv_tools/x86_64/2.6.18.128.el5/lib:/cao/Softs/mentor/ams/devenv_tools/x86_64/2.6.18.128.el5/lib:/lib64:/cao/Softs/mentor/ams/modeltech/linux_x86_64:/cao/Softs/mentor/ams/aol/lib:/cao/Softs/cadence/IC617/tools/lib:/cao/Softs/cadence/IC617/tools/lib:/cao/Softs/cadence/IC617/tools/lib:/cao/Softs/cadence/IC617/tools/lib:/cao/Softs/cadence/IC617/tools/lib:/cao/Softs/cadence/SPECTRE191/tools/lib:/cad/starrcxt_vK2015_12/linux64_starrc/lib
SHELL=/bin/bash
DISPLAY=:2
HOSTTYPE=x86_64-linux
OSTYPE=linux
MACHTYPE=x86_64

Signal Handlers:
SIGSEGV: [libjvm.so+0x731250], sa_mask[0]=0x7ffbfeff, sa_flags=0x10000004
SIGBUS: [libjvm.so+0x731250], sa_mask[0]=0x7ffbfeff, sa_flags=0x10000004
SIGFPE: [libjvm.so+0x5f5e30], sa_mask[0]=0x7ffbfeff, sa_flags=0x10000004
SIGPIPE: [libjvm.so+0x5f5e30], sa_mask[0]=0x7ffbfeff, sa_flags=0x10000004
SIGXFSZ: [libjvm.so+0x5f5e30], sa_mask[0]=0x7ffbfeff, sa_flags=0x10000004
SIGILL: [libjvm.so+0x5f5e30], sa_mask[0]=0x7ffbfeff, sa_flags=0x10000004
SIGUSR1: SIG_DFL, sa_mask[0]=0x00000000, sa_flags=0x00000000
SIGUSR2: [libjvm.so+0x5f8650], sa_mask[0]=0x00000000, sa_flags=0x10000004
SIGHUP: SIG_DFL, sa_mask[0]=0x00000000, sa_flags=0x00000000
SIGINT: SIG_IGN, sa_mask[0]=0x00000000, sa_flags=0x00000000
SIGTERM: SIG_DFL, sa_mask[0]=0x00000000, sa_flags=0x00000000
SIGQUIT: SIG_DFL, sa_mask[0]=0x00000000, sa_flags=0x00000000


---------------  S Y S T E M  ---------------

OS:CentOS Linux release 7.8.2003 (Core)

uname:Linux 3.10.0-1127.19.1.el7.x86_64 #1 SMP Tue Aug 25 17:23:54 UTC 2020 x86_64
libc:glibc 2.17 NPTL 2.17 
rlimit: STACK 10240k, CORE 0k, NPROC 4096, NOFILE 4096, AS infinity
load average:7.37 6.81 6.78

CPU:total 72 (32 cores per cpu, 2 threads per core) family 6 model 85 stepping 7, cmov, cx8, fxsr, mmx, sse, sse2, sse3, ssse3, sse4.1, sse4.2, popcnt, ht

Memory: 4k page, physical 97402164k(333152k free), swap 4194300k(2907644k free)

vm_info: Java HotSpot(TM) 64-Bit Server VM (17.1-b03) for linux-amd64 JRE (1.6.0_22-b04), built on Sep 15 2010 01:07:59 by "java_re" with gcc 3.2.2 (SuSE Linux)

time: Fri Sep  6 16:51:13 2024
elapsed time: 0 seconds

