#
# A fatal error has been detected by the Java Runtime Environment:
#
# java.lang.OutOfMemoryError: Cannot create worker GC thread. Out of system resources.
#
#  Internal Error (workgroup.cpp:73), pid=77792, tid=140595868944128
#  Error: Cannot create worker GC thread. Out of system resources.
#
# JRE version: 6.0_22-b04
# Java VM: Java HotSpot(TM) 64-Bit Server VM (17.1-b03 mixed mode linux-amd64 compressed oops)
# If you would like to submit a bug report, please visit:
#   http://java.sun.com/webapps/bugreport/crash.jsp
#

---------------  T H R E A D  ---------------

Current thread (0x00007fdf00008000):  JavaThread "Unknown thread" [_thread_in_vm, id=77793, stack(0x00007fdf06c35000,0x00007fdf06d35000)]

Stack: [0x00007fdf06c35000,0x00007fdf06d35000],  sp=0x00007fdf06d339e0,  free space=3fa0000000000000018k
Native frames: (J=compiled Java code, j=interpreted, Vv=VM code, C=native code)
V  [libjvm.so+0x7306a0]
V  [libjvm.so+0x2f31e8]
V  [libjvm.so+0x744eba]
V  [libjvm.so+0x666647]
V  [libjvm.so+0x37a49c]
V  [libjvm.so+0x70a2fb]
V  [libjvm.so+0x709c7a]
V  [libjvm.so+0x3b5690]
V  [libjvm.so+0x6f1d5f]
V  [libjvm.so+0x420060]


---------------  P R O C E S S  ---------------

Java Threads: ( => current thread )

Other Threads:

=>0x00007fdf00008000 (exited) JavaThread "Unknown thread" [_thread_in_vm, id=77793, stack(0x00007fdf06c35000,0x00007fdf06d35000)]

VM state:not at safepoint (not fully initialized)

VM Mutex/Monitor currently owned by a thread: None

Dynamic libraries:
40000000-40009000 r-xp 00000000 fd:00 647108122                          /cao/Softs/mentor/ams/JRE/v1.6.0_22/aol/bin/java
40108000-4010a000 rwxp 00008000 fd:00 647108122                          /cao/Softs/mentor/ams/JRE/v1.6.0_22/aol/bin/java
4120c000-4122d000 rwxp 00000000 00:00 0                                  [heap]
7fde50000000-7fde50021000 rwxp 00000000 00:00 0 
7fde50021000-7fde54000000 ---p 00000000 00:00 0 
7fde54000000-7fde54021000 rwxp 00000000 00:00 0 
7fde54021000-7fde58000000 ---p 00000000 00:00 0 
7fde58000000-7fde58021000 rwxp 00000000 00:00 0 
7fde58021000-7fde5c000000 ---p 00000000 00:00 0 
7fde5c000000-7fde5c021000 rwxp 00000000 00:00 0 
7fde5c021000-7fde60000000 ---p 00000000 00:00 0 
7fde60000000-7fde60021000 rwxp 00000000 00:00 0 
7fde60021000-7fde64000000 ---p 00000000 00:00 0 
7fde64000000-7fde64021000 rwxp 00000000 00:00 0 
7fde64021000-7fde68000000 ---p 00000000 00:00 0 
7fde68000000-7fde68021000 rwxp 00000000 00:00 0 
7fde68021000-7fde6c000000 ---p 00000000 00:00 0 
7fde6c000000-7fde6c021000 rwxp 00000000 00:00 0 
7fde6c021000-7fde70000000 ---p 00000000 00:00 0 
7fde70000000-7fde70021000 rwxp 00000000 00:00 0 
7fde70021000-7fde74000000 ---p 00000000 00:00 0 
7fde74000000-7fde74021000 rwxp 00000000 00:00 0 
7fde74021000-7fde78000000 ---p 00000000 00:00 0 
7fde78000000-7fde78021000 rwxp 00000000 00:00 0 
7fde78021000-7fde7c000000 ---p 00000000 00:00 0 
7fde7c000000-7fde7c021000 rwxp 00000000 00:00 0 
7fde7c021000-7fde80000000 ---p 00000000 00:00 0 
7fde80000000-7fde80021000 rwxp 00000000 00:00 0 
7fde80021000-7fde84000000 ---p 00000000 00:00 0 
7fde84000000-7fde84021000 rwxp 00000000 00:00 0 
7fde84021000-7fde88000000 ---p 00000000 00:00 0 
7fde88000000-7fde88021000 rwxp 00000000 00:00 0 
7fde88021000-7fde8c000000 ---p 00000000 00:00 0 
7fde8c000000-7fde8c021000 rwxp 00000000 00:00 0 
7fde8c021000-7fde90000000 ---p 00000000 00:00 0 
7fde90000000-7fde90021000 rwxp 00000000 00:00 0 
7fde90021000-7fde94000000 ---p 00000000 00:00 0 
7fde94000000-7fde94021000 rwxp 00000000 00:00 0 
7fde94021000-7fde98000000 ---p 00000000 00:00 0 
7fde98000000-7fde98021000 rwxp 00000000 00:00 0 
7fde98021000-7fde9c000000 ---p 00000000 00:00 0 
7fde9c000000-7fde9c021000 rwxp 00000000 00:00 0 
7fde9c021000-7fdea0000000 ---p 00000000 00:00 0 
7fdea0000000-7fdea0021000 rwxp 00000000 00:00 0 
7fdea0021000-7fdea4000000 ---p 00000000 00:00 0 
7fdea4000000-7fdea4021000 rwxp 00000000 00:00 0 
7fdea4021000-7fdea8000000 ---p 00000000 00:00 0 
7fdea8000000-7fdea8021000 rwxp 00000000 00:00 0 
7fdea8021000-7fdeac000000 ---p 00000000 00:00 0 
7fdeac000000-7fdeac021000 rwxp 00000000 00:00 0 
7fdeac021000-7fdeb0000000 ---p 00000000 00:00 0 
7fdeb0000000-7fdeb0021000 rwxp 00000000 00:00 0 
7fdeb0021000-7fdeb4000000 ---p 00000000 00:00 0 
7fdeb4000000-7fdeb4021000 rwxp 00000000 00:00 0 
7fdeb4021000-7fdeb8000000 ---p 00000000 00:00 0 
7fdeb8000000-7fdeb8021000 rwxp 00000000 00:00 0 
7fdeb8021000-7fdebc000000 ---p 00000000 00:00 0 
7fdebc000000-7fdebc021000 rwxp 00000000 00:00 0 
7fdebc021000-7fdec0000000 ---p 00000000 00:00 0 
7fdec0000000-7fdec0021000 rwxp 00000000 00:00 0 
7fdec0021000-7fdec4000000 ---p 00000000 00:00 0 
7fdec4000000-7fdec4021000 rwxp 00000000 00:00 0 
7fdec4021000-7fdec8000000 ---p 00000000 00:00 0 
7fdec8000000-7fdec8021000 rwxp 00000000 00:00 0 
7fdec8021000-7fdecc000000 ---p 00000000 00:00 0 
7fdecc000000-7fdecc021000 rwxp 00000000 00:00 0 
7fdecc021000-7fded0000000 ---p 00000000 00:00 0 
7fded0000000-7fded0021000 rwxp 00000000 00:00 0 
7fded0021000-7fded4000000 ---p 00000000 00:00 0 
7fded4000000-7fded4021000 rwxp 00000000 00:00 0 
7fded4021000-7fded8000000 ---p 00000000 00:00 0 
7fded8000000-7fded8021000 rwxp 00000000 00:00 0 
7fded8021000-7fdedc000000 ---p 00000000 00:00 0 
7fdedc000000-7fdedc021000 rwxp 00000000 00:00 0 
7fdedc021000-7fdee0000000 ---p 00000000 00:00 0 
7fdee0000000-7fdee0021000 rwxp 00000000 00:00 0 
7fdee0021000-7fdee4000000 ---p 00000000 00:00 0 
7fdee4000000-7fdee4021000 rwxp 00000000 00:00 0 
7fdee4021000-7fdee8000000 ---p 00000000 00:00 0 
7fdee8000000-7fdee8021000 rwxp 00000000 00:00 0 
7fdee8021000-7fdeec000000 ---p 00000000 00:00 0 
7fdeec000000-7fdeec021000 rwxp 00000000 00:00 0 
7fdeec021000-7fdef0000000 ---p 00000000 00:00 0 
7fdef0000000-7fdef0021000 rwxp 00000000 00:00 0 
7fdef0021000-7fdef4000000 ---p 00000000 00:00 0 
7fdef4000000-7fdef4021000 rwxp 00000000 00:00 0 
7fdef4021000-7fdef8000000 ---p 00000000 00:00 0 
7fdef8000000-7fdef8021000 rwxp 00000000 00:00 0 
7fdef8021000-7fdefc000000 ---p 00000000 00:00 0 
7fdefc4f5000-7fdefc4f6000 ---p 00000000 00:00 0 
7fdefc4f6000-7fdefc5f6000 rwxp 00000000 00:00 0 
7fdefc5f6000-7fdefc5f7000 ---p 00000000 00:00 0 
7fdefc5f7000-7fdefc6f7000 rwxp 00000000 00:00 0 
7fdefc6f7000-7fdefc6f8000 ---p 00000000 00:00 0 
7fdefc6f8000-7fdefc7f8000 rwxp 00000000 00:00 0 
7fdefc7f8000-7fdefc7f9000 ---p 00000000 00:00 0 
7fdefc7f9000-7fdefc8f9000 rwxp 00000000 00:00 0 
7fdefc8f9000-7fdefc8fa000 ---p 00000000 00:00 0 
7fdefc8fa000-7fdefc9fa000 rwxp 00000000 00:00 0 
7fdefc9fa000-7fdefc9fb000 ---p 00000000 00:00 0 
7fdefc9fb000-7fdefcafb000 rwxp 00000000 00:00 0 
7fdefcafb000-7fdefcafc000 ---p 00000000 00:00 0 
7fdefcafc000-7fdefcbfc000 rwxp 00000000 00:00 0 
7fdefcbfc000-7fdefcbfd000 ---p 00000000 00:00 0 
7fdefcbfd000-7fdefccfd000 rwxp 00000000 00:00 0 
7fdefccfd000-7fdefccfe000 ---p 00000000 00:00 0 
7fdefccfe000-7fdefcdfe000 rwxp 00000000 00:00 0 
7fdefcdfe000-7fdefcdff000 ---p 00000000 00:00 0 
7fdefcdff000-7fdefceff000 rwxp 00000000 00:00 0 
7fdefceff000-7fdefcf00000 ---p 00000000 00:00 0 
7fdefcf00000-7fdefd270000 rwxp 00000000 00:00 0 
7fdefd270000-7fdf0006a000 rwxp 00000000 00:00 0 
7fdf0006a000-7fdf04000000 ---p 00000000 00:00 0 
7fdf04081000-7fdf04082000 ---p 00000000 00:00 0 
7fdf04082000-7fdf04182000 rwxp 00000000 00:00 0 
7fdf04182000-7fdf04183000 ---p 00000000 00:00 0 
7fdf04183000-7fdf04283000 rwxp 00000000 00:00 0 
7fdf04283000-7fdf04284000 ---p 00000000 00:00 0 
7fdf04284000-7fdf04384000 rwxp 00000000 00:00 0 
7fdf04384000-7fdf04385000 ---p 00000000 00:00 0 
7fdf04385000-7fdf04485000 rwxp 00000000 00:00 0 
7fdf04485000-7fdf04486000 ---p 00000000 00:00 0 
7fdf04486000-7fdf04586000 rwxp 00000000 00:00 0 
7fdf04586000-7fdf04587000 ---p 00000000 00:00 0 
7fdf04587000-7fdf04687000 rwxp 00000000 00:00 0 
7fdf04687000-7fdf04688000 ---p 00000000 00:00 0 
7fdf04688000-7fdf04788000 rwxp 00000000 00:00 0 
7fdf04788000-7fdf04789000 ---p 00000000 00:00 0 
7fdf04789000-7fdf04889000 rwxp 00000000 00:00 0 
7fdf04889000-7fdf0488a000 ---p 00000000 00:00 0 
7fdf0488a000-7fdf0498a000 rwxp 00000000 00:00 0 
7fdf0498a000-7fdf0498b000 ---p 00000000 00:00 0 
7fdf0498b000-7fdf04a8b000 rwxp 00000000 00:00 0 
7fdf04a8b000-7fdf04a8c000 ---p 00000000 00:00 0 
7fdf04a8c000-7fdf04b8c000 rwxp 00000000 00:00 0 
7fdf04b8c000-7fdf04b8d000 ---p 00000000 00:00 0 
7fdf04b8d000-7fdf04c8d000 rwxp 00000000 00:00 0 
7fdf04c8d000-7fdf04c8e000 ---p 00000000 00:00 0 
7fdf04c8e000-7fdf04d8e000 rwxp 00000000 00:00 0 
7fdf04d8e000-7fdf04d8f000 ---p 00000000 00:00 0 
7fdf04d8f000-7fdf04e8f000 rwxp 00000000 00:00 0 
7fdf04e8f000-7fdf04e90000 ---p 00000000 00:00 0 
7fdf04e90000-7fdf04f90000 rwxp 00000000 00:00 0 
7fdf04f90000-7fdf04f91000 ---p 00000000 00:00 0 
7fdf04f91000-7fdf05091000 rwxp 00000000 00:00 0 
7fdf05091000-7fdf05092000 ---p 00000000 00:00 0 
7fdf05092000-7fdf05192000 rwxp 00000000 00:00 0 
7fdf05192000-7fdf05193000 ---p 00000000 00:00 0 
7fdf05193000-7fdf05293000 rwxp 00000000 00:00 0 
7fdf05293000-7fdf05294000 ---p 00000000 00:00 0 
7fdf05294000-7fdf05394000 rwxp 00000000 00:00 0 
7fdf05394000-7fdf05395000 ---p 00000000 00:00 0 
7fdf05395000-7fdf05495000 rwxp 00000000 00:00 0 
7fdf05495000-7fdf05496000 ---p 00000000 00:00 0 
7fdf05496000-7fdf05596000 rwxp 00000000 00:00 0 
7fdf05596000-7fdf05597000 ---p 00000000 00:00 0 
7fdf05597000-7fdf05697000 rwxp 00000000 00:00 0 
7fdf05697000-7fdf05698000 ---p 00000000 00:00 0 
7fdf05698000-7fdf05798000 rwxp 00000000 00:00 0 
7fdf05798000-7fdf05799000 ---p 00000000 00:00 0 
7fdf05799000-7fdf05899000 rwxp 00000000 00:00 0 
7fdf05899000-7fdf0589a000 ---p 00000000 00:00 0 
7fdf0589a000-7fdf0599a000 rwxp 00000000 00:00 0 
7fdf0599a000-7fdf0599b000 ---p 00000000 00:00 0 
7fdf0599b000-7fdf05a9b000 rwxp 00000000 00:00 0 
7fdf05a9b000-7fdf05a9c000 ---p 00000000 00:00 0 
7fdf05a9c000-7fdf05b9c000 rwxp 00000000 00:00 0 
7fdf05b9c000-7fdf05b9d000 ---p 00000000 00:00 0 
7fdf05b9d000-7fdf05c9d000 rwxp 00000000 00:00 0 
7fdf05c9d000-7fdf05c9e000 ---p 00000000 00:00 0 
7fdf05c9e000-7fdf05d9e000 rwxp 00000000 00:00 0 
7fdf05d9e000-7fdf05d9f000 ---p 00000000 00:00 0 
7fdf05d9f000-7fdf05e9f000 rwxp 00000000 00:00 0 
7fdf05e9f000-7fdf05ea0000 ---p 00000000 00:00 0 
7fdf05ea0000-7fdf05fa0000 rwxp 00000000 00:00 0 
7fdf05fa0000-7fdf05fa1000 ---p 00000000 00:00 0 
7fdf05fa1000-7fdf060a1000 rwxp 00000000 00:00 0 
7fdf060a1000-7fdf060a2000 ---p 00000000 00:00 0 
7fdf060a2000-7fdf061a2000 rwxp 00000000 00:00 0 
7fdf061a2000-7fdf061b0000 r-xp 00000000 fd:00 87205417                   /cao/Softs/mentor/ams/JRE/v1.6.0_22/aol/lib/amd64/libzip.so
7fdf061b0000-7fdf062b2000 ---p 0000e000 fd:00 87205417                   /cao/Softs/mentor/ams/JRE/v1.6.0_22/aol/lib/amd64/libzip.so
7fdf062b2000-7fdf062b5000 rwxp 00010000 fd:00 87205417                   /cao/Softs/mentor/ams/JRE/v1.6.0_22/aol/lib/amd64/libzip.so
7fdf062b5000-7fdf062b6000 rwxp 00000000 00:00 0 
7fdf062b6000-7fdf062c2000 r-xp 00000000 fd:00 268516897                  /usr/lib64/libnss_files-2.17.so
7fdf062c2000-7fdf064c1000 ---p 0000c000 fd:00 268516897                  /usr/lib64/libnss_files-2.17.so
7fdf064c1000-7fdf064c2000 r-xp 0000b000 fd:00 268516897                  /usr/lib64/libnss_files-2.17.so
7fdf064c2000-7fdf064c3000 rwxp 0000c000 fd:00 268516897                  /usr/lib64/libnss_files-2.17.so
7fdf064c3000-7fdf064c9000 rwxp 00000000 00:00 0 
7fdf064c9000-7fdf064d0000 r-xp 00000000 fd:00 87205346                   /cao/Softs/mentor/ams/JRE/v1.6.0_22/aol/lib/amd64/native_threads/libhpi.so
7fdf064d0000-7fdf065d1000 ---p 00007000 fd:00 87205346                   /cao/Softs/mentor/ams/JRE/v1.6.0_22/aol/lib/amd64/native_threads/libhpi.so
7fdf065d1000-7fdf065d3000 rwxp 00008000 fd:00 87205346                   /cao/Softs/mentor/ams/JRE/v1.6.0_22/aol/lib/amd64/native_threads/libhpi.so
7fdf065d3000-7fdf065d4000 rwxp 00000000 00:00 0 
7fdf065d4000-7fdf065eb000 r-xp 00000000 fd:00 268516889                  /usr/lib64/libnsl-2.17.so
7fdf065eb000-7fdf067ea000 ---p 00017000 fd:00 268516889                  /usr/lib64/libnsl-2.17.so
7fdf067ea000-7fdf067eb000 r-xp 00016000 fd:00 268516889                  /usr/lib64/libnsl-2.17.so
7fdf067eb000-7fdf067ec000 rwxp 00017000 fd:00 268516889                  /usr/lib64/libnsl-2.17.so
7fdf067ec000-7fdf067ee000 rwxp 00000000 00:00 0 
7fdf067ee000-7fdf06816000 r-xp 00000000 fd:00 87205364                   /cao/Softs/mentor/ams/JRE/v1.6.0_22/aol/lib/amd64/libjava.so
7fdf06816000-7fdf06916000 ---p 00028000 fd:00 87205364                   /cao/Softs/mentor/ams/JRE/v1.6.0_22/aol/lib/amd64/libjava.so
7fdf06916000-7fdf0691d000 rwxp 00028000 fd:00 87205364                   /cao/Softs/mentor/ams/JRE/v1.6.0_22/aol/lib/amd64/libjava.so
7fdf0691d000-7fdf0692a000 r-xp 00000000 fd:00 87205416                   /cao/Softs/mentor/ams/JRE/v1.6.0_22/aol/lib/amd64/libverify.so
7fdf0692a000-7fdf06a29000 ---p 0000d000 fd:00 87205416                   /cao/Softs/mentor/ams/JRE/v1.6.0_22/aol/lib/amd64/libverify.so
7fdf06a29000-7fdf06a2c000 rwxp 0000c000 fd:00 87205416                   /cao/Softs/mentor/ams/JRE/v1.6.0_22/aol/lib/amd64/libverify.so
7fdf06a2c000-7fdf06a33000 r-xp 00000000 fd:00 268516909                  /usr/lib64/librt-2.17.so
7fdf06a33000-7fdf06c32000 ---p 00007000 fd:00 268516909                  /usr/lib64/librt-2.17.so
7fdf06c32000-7fdf06c33000 r-xp 00006000 fd:00 268516909                  /usr/lib64/librt-2.17.so
7fdf06c33000-7fdf06c34000 rwxp 00007000 fd:00 268516909                  /usr/lib64/librt-2.17.so
7fdf06c34000-7fdf06c38000 ---p 00000000 00:00 0 
7fdf06c38000-7fdf06d35000 rwxp 00000000 00:00 0 
7fdf06d35000-7fdf06e36000 r-xp 00000000 fd:00 268516887                  /usr/lib64/libm-2.17.so
7fdf06e36000-7fdf07035000 ---p 00101000 fd:00 268516887                  /usr/lib64/libm-2.17.so
7fdf07035000-7fdf07036000 r-xp 00100000 fd:00 268516887                  /usr/lib64/libm-2.17.so
7fdf07036000-7fdf07037000 rwxp 00101000 fd:00 268516887                  /usr/lib64/libm-2.17.so
7fdf07037000-7fdf07811000 r-xp 00000000 fd:00 87205348                   /cao/Softs/mentor/ams/JRE/v1.6.0_22/aol/lib/amd64/server/libjvm.so
7fdf07811000-7fdf07913000 ---p 007da000 fd:00 87205348                   /cao/Softs/mentor/ams/JRE/v1.6.0_22/aol/lib/amd64/server/libjvm.so
7fdf07913000-7fdf07aa4000 rwxp 007dc000 fd:00 87205348                   /cao/Softs/mentor/ams/JRE/v1.6.0_22/aol/lib/amd64/server/libjvm.so
7fdf07aa4000-7fdf07adf000 rwxp 00000000 00:00 0 
7fdf07adf000-7fdf07ca2000 r-xp 00000000 fd:00 268516879                  /usr/lib64/libc-2.17.so
7fdf07ca2000-7fdf07ea2000 ---p 001c3000 fd:00 268516879                  /usr/lib64/libc-2.17.so
7fdf07ea2000-7fdf07ea6000 r-xp 001c3000 fd:00 268516879                  /usr/lib64/libc-2.17.so
7fdf07ea6000-7fdf07ea8000 rwxp 001c7000 fd:00 268516879                  /usr/lib64/libc-2.17.so
7fdf07ea8000-7fdf07ead000 rwxp 00000000 00:00 0 
7fdf07ead000-7fdf07eaf000 r-xp 00000000 fd:00 268516885                  /usr/lib64/libdl-2.17.so
7fdf07eaf000-7fdf080af000 ---p 00002000 fd:00 268516885                  /usr/lib64/libdl-2.17.so
7fdf080af000-7fdf080b0000 r-xp 00002000 fd:00 268516885                  /usr/lib64/libdl-2.17.so
7fdf080b0000-7fdf080b1000 rwxp 00003000 fd:00 268516885                  /usr/lib64/libdl-2.17.so
7fdf080b1000-7fdf080c8000 r-xp 00000000 fd:00 268516905                  /usr/lib64/libpthread-2.17.so
7fdf080c8000-7fdf082c7000 ---p 00017000 fd:00 268516905                  /usr/lib64/libpthread-2.17.so
7fdf082c7000-7fdf082c8000 r-xp 00016000 fd:00 268516905                  /usr/lib64/libpthread-2.17.so
7fdf082c8000-7fdf082c9000 rwxp 00017000 fd:00 268516905                  /usr/lib64/libpthread-2.17.so
7fdf082c9000-7fdf082cd000 rwxp 00000000 00:00 0 
7fdf082cd000-7fdf082ef000 r-xp 00000000 fd:00 268516872                  /usr/lib64/ld-2.17.so
7fdf08314000-7fdf0831e000 rwxp 00000000 00:00 0 
7fdf0831e000-7fdf083d4000 rwxp 00000000 00:00 0 
7fdf083d4000-7fdf083dc000 rwxs 00000000 fd:00 652427882                  /tmp/hsperfdata_filip/77792
7fdf083dc000-7fdf083dd000 rwxp 00000000 00:00 0 
7fdf083dd000-7fdf083de000 r-xp 00000000 00:00 0 
7fdf083de000-7fdf083e2000 rwxp 00000000 00:00 0 
7fdf083e2000-7fdf083e9000 r-xp 00000000 fd:00 352390253                  /cao/Softs/mentor/ams/JRE/v1.6.0_22/aol/lib/amd64/jli/libjli.so
7fdf083e9000-7fdf084ea000 ---p 00007000 fd:00 352390253                  /cao/Softs/mentor/ams/JRE/v1.6.0_22/aol/lib/amd64/jli/libjli.so
7fdf084ea000-7fdf084ec000 rwxp 00008000 fd:00 352390253                  /cao/Softs/mentor/ams/JRE/v1.6.0_22/aol/lib/amd64/jli/libjli.so
7fdf084ec000-7fdf084ee000 rwxp 00000000 00:00 0 
7fdf084ee000-7fdf084ef000 r-xp 00021000 fd:00 268516872                  /usr/lib64/ld-2.17.so
7fdf084ef000-7fdf084f0000 rwxp 00022000 fd:00 268516872                  /usr/lib64/ld-2.17.so
7fdf084f0000-7fdf084f1000 rwxp 00000000 00:00 0 
7ffd26f86000-7ffd26fae000 rwxp 00000000 00:00 0                          [stack]
7ffd26fd0000-7ffd26fd2000 r-xp 00000000 00:00 0                          [vdso]
ffffffffff600000-ffffffffff601000 r-xp 00000000 00:00 0                  [vsyscall]

VM Arguments:
jvm_args: -DMGC_TMPDIR=/tmp -DAMS_WDBSERVER_INFO=/home/filip/.ezwave/jwdbserver.info -DAMS_WDBSERVER_TIMEOUT=60 -DEZ_HOME=/home/filip -DMGC_AMS_HOME=/cao/Softs/mentor/ams -DAMS_VCO=aol -Djava.library.path=/cao/Softs/mentor/ams/aol/lib/lib -Xrs -Xms32000M -Xmx32000M -XX:MaxPermSize=512m -XX:+UseConcMarkSweepGC -XX:+UseParNewGC -XX:+CMSParallelRemarkEnabled -XX:CMSInitiatingOccupancyFraction=30 -XX:+UseCMSInitiatingOccupancyOnly -XX:-UseGCOverheadLimit -XX:+UseStringCache -XX:+OptimizeStringConcat -XX:+UseCompressedOops 
java_command: /cao/Softs/mentor/ams/aol/lib/wdbserver.jar
Launcher Type: SUN_STANDARD

Environment Variables:
LD_LIBRARY_PATH=/cao/Softs/mentor/ams/JRE/v1.6.0_22/aol/lib/amd64/server:/cao/Softs/mentor/ams/JRE/v1.6.0_22/aol/lib/amd64:/cao/Softs/mentor/ams/JRE/v1.6.0_22/aol/../lib/amd64:/cao/Softs/mentor/ams/devenv_tools/x86_64/2.6.18.128.el5/lib64:/cao/Softs/mentor/ams/devenv_tools/x86_64/2.6.18.128.el5/lib64:/cao/Softs/mentor/ams/devenv_tools/x86_64/2.6.18.128.el5/lib:/cao/Softs/mentor/ams/devenv_tools/x86_64/2.6.18.128.el5/lib:/lib64:/cao/Softs/mentor/ams/modeltech/linux_x86_64:/cao/Softs/mentor/ams/aol/lib:/cao/Softs/cadence/IC617/tools/lib:/cao/Softs/cadence/IC617/tools/lib:/cao/Softs/cadence/IC617/tools/lib:/cao/Softs/cadence/IC617/tools/lib:/cao/Softs/cadence/IC617/tools/lib:/cao/Softs/cadence/SPECTRE191/tools/lib:/cad/starrcxt_vK2015_12/linux64_starrc/lib
SHELL=/bin/bash
DISPLAY=:2
HOSTTYPE=x86_64-linux
OSTYPE=linux
MACHTYPE=x86_64

Signal Handlers:
SIGSEGV: [libjvm.so+0x731250], sa_mask[0]=0x7ffbfeff, sa_flags=0x10000004
SIGBUS: [libjvm.so+0x731250], sa_mask[0]=0x7ffbfeff, sa_flags=0x10000004
SIGFPE: [libjvm.so+0x5f5e30], sa_mask[0]=0x7ffbfeff, sa_flags=0x10000004
SIGPIPE: [libjvm.so+0x5f5e30], sa_mask[0]=0x7ffbfeff, sa_flags=0x10000004
SIGXFSZ: [libjvm.so+0x5f5e30], sa_mask[0]=0x7ffbfeff, sa_flags=0x10000004
SIGILL: [libjvm.so+0x5f5e30], sa_mask[0]=0x7ffbfeff, sa_flags=0x10000004
SIGUSR1: SIG_DFL, sa_mask[0]=0x00000000, sa_flags=0x00000000
SIGUSR2: [libjvm.so+0x5f8650], sa_mask[0]=0x00000000, sa_flags=0x10000004
SIGHUP: SIG_DFL, sa_mask[0]=0x00000000, sa_flags=0x00000000
SIGINT: SIG_IGN, sa_mask[0]=0x00000000, sa_flags=0x00000000
SIGTERM: SIG_DFL, sa_mask[0]=0x00000000, sa_flags=0x00000000
SIGQUIT: SIG_DFL, sa_mask[0]=0x00000000, sa_flags=0x00000000


---------------  S Y S T E M  ---------------

OS:CentOS Linux release 7.8.2003 (Core)

uname:Linux 3.10.0-1127.19.1.el7.x86_64 #1 SMP Tue Aug 25 17:23:54 UTC 2020 x86_64
libc:glibc 2.17 NPTL 2.17 
rlimit: STACK 10240k, CORE 0k, NPROC 4096, NOFILE 4096, AS infinity
load average:8.59 8.40 7.57

CPU:total 72 (32 cores per cpu, 2 threads per core) family 6 model 85 stepping 7, cmov, cx8, fxsr, mmx, sse, sse2, sse3, ssse3, sse4.1, sse4.2, popcnt, ht

Memory: 4k page, physical 97402164k(3205056k free), swap 4194300k(2907644k free)

vm_info: Java HotSpot(TM) 64-Bit Server VM (17.1-b03) for linux-amd64 JRE (1.6.0_22-b04), built on Sep 15 2010 01:07:59 by "java_re" with gcc 3.2.2 (SuSE Linux)

time: Fri Sep  6 16:56:01 2024
elapsed time: 0 seconds

