#
# A fatal error has been detected by the Java Runtime Environment:
#
# java.lang.OutOfMemoryError: Cannot create worker GC thread. Out of system resources.
#
#  Internal Error (yieldingWorkgroup.cpp:53), pid=240653, tid=139924389861120
#  Error: Cannot create worker GC thread. Out of system resources.
#
# JRE version: 6.0_22-b04
# Java VM: Java HotSpot(TM) 64-Bit Server VM (17.1-b03 mixed mode linux-amd64 compressed oops)
# If you would like to submit a bug report, please visit:
#   http://java.sun.com/webapps/bugreport/crash.jsp
#

---------------  T H R E A D  ---------------

Current thread (0x00007f42a8007800):  JavaThread "Unknown thread" [_thread_in_vm, id=240654, stack(0x00007f42af7da000,0x00007f42af8da000)]

Stack: [0x00007f42af7da000,0x00007f42af8da000],  sp=0x00007f42af8d87e0,  free space=3f90000000000000018k
Native frames: (J=compiled Java code, j=interpreted, Vv=VM code, C=native code)
V  [libjvm.so+0x7306a0]
V  [libjvm.so+0x2f31e8]
V  [libjvm.so+0x747e86]
V  [libjvm.so+0x2d0358]
V  [libjvm.so+0x37a9fa]
V  [libjvm.so+0x70a129]
V  [libjvm.so+0x709c7a]
V  [libjvm.so+0x3b5690]
V  [libjvm.so+0x6f1d5f]
V  [libjvm.so+0x420060]


---------------  P R O C E S S  ---------------

Java Threads: ( => current thread )

Other Threads:

=>0x00007f42a8007800 (exited) JavaThread "Unknown thread" [_thread_in_vm, id=240654, stack(0x00007f42af7da000,0x00007f42af8da000)]

VM state:not at safepoint (not fully initialized)

VM Mutex/Monitor currently owned by a thread: None

Dynamic libraries:
40000000-40009000 r-xp 00000000 fd:00 647108122                          /cao/Softs/mentor/ams/JRE/v1.6.0_22/aol/bin/java
40108000-4010a000 rwxp 00008000 fd:00 647108122                          /cao/Softs/mentor/ams/JRE/v1.6.0_22/aol/bin/java
41dd8000-41df9000 rwxp 00000000 00:00 0                                  [heap]
7f39b0000000-7f39b0021000 rwxp 00000000 00:00 0 
7f39b0021000-7f39b4000000 ---p 00000000 00:00 0 
7f39b4000000-7f39b4021000 rwxp 00000000 00:00 0 
7f39b4021000-7f39b8000000 ---p 00000000 00:00 0 
7f39b8000000-7f39b8021000 rwxp 00000000 00:00 0 
7f39b8021000-7f39bc000000 ---p 00000000 00:00 0 
7f39bc000000-7f39bc021000 rwxp 00000000 00:00 0 
7f39bc021000-7f39c0000000 ---p 00000000 00:00 0 
7f39c3bfc000-7f39c3bfd000 ---p 00000000 00:00 0 
7f39c3bfd000-7f39c3cfd000 rwxp 00000000 00:00 0 
7f39c3cfd000-7f39c3cfe000 ---p 00000000 00:00 0 
7f39c3cfe000-7f39c3dfe000 rwxp 00000000 00:00 0 
7f39c3dfe000-7f39c3dff000 ---p 00000000 00:00 0 
7f39c3dff000-7f39c3eff000 rwxp 00000000 00:00 0 
7f39c3eff000-7f39c3f00000 ---p 00000000 00:00 0 
7f39c3f00000-7f39c4000000 rwxp 00000000 00:00 0 
7f39c4000000-7f39c4021000 rwxp 00000000 00:00 0 
7f39c4021000-7f39c8000000 ---p 00000000 00:00 0 
7f39c8023000-7f39c8024000 ---p 00000000 00:00 0 
7f39c8024000-7f39c8124000 rwxp 00000000 00:00 0 
7f39c8124000-7f39c8125000 ---p 00000000 00:00 0 
7f39c8125000-7f39e9e49000 rwxp 00000000 00:00 0 
7f39e9e49000-7f39e9f3f000 rwxp 00000000 00:00 0 
7f39e9f3f000-7f39efff0000 rwxp 00000000 00:00 0 
7f39efff0000-7f39f0000000 ---p 00000000 00:00 0 
7f39f0000000-7f41c14c0000 rwxp 00000000 00:00 0 
7f41c14c0000-7f41e0021000 rwxp 00000000 00:00 0 
7f41e0021000-7f41e4000000 ---p 00000000 00:00 0 
7f41e407f000-7f41e7f0a000 rwxp 00000000 00:00 0 
7f41e7f0a000-7f41e7fff000 rwxp 00000000 00:00 0 
7f41e7fff000-7f41e8000000 rwxp 00000000 00:00 0 
7f41e8000000-7f41e8021000 rwxp 00000000 00:00 0 
7f41e8021000-7f41ec000000 ---p 00000000 00:00 0 
7f41ec000000-7f41ec021000 rwxp 00000000 00:00 0 
7f41ec021000-7f41f0000000 ---p 00000000 00:00 0 
7f41f0000000-7f41f0021000 rwxp 00000000 00:00 0 
7f41f0021000-7f41f4000000 ---p 00000000 00:00 0 
7f41f4000000-7f41f4021000 rwxp 00000000 00:00 0 
7f41f4021000-7f41f8000000 ---p 00000000 00:00 0 
7f41f8000000-7f41f8021000 rwxp 00000000 00:00 0 
7f41f8021000-7f41fc000000 ---p 00000000 00:00 0 
7f41fc000000-7f41fc021000 rwxp 00000000 00:00 0 
7f41fc021000-7f4200000000 ---p 00000000 00:00 0 
7f4200000000-7f4200021000 rwxp 00000000 00:00 0 
7f4200021000-7f4204000000 ---p 00000000 00:00 0 
7f4204000000-7f4204021000 rwxp 00000000 00:00 0 
7f4204021000-7f4208000000 ---p 00000000 00:00 0 
7f4208000000-7f4208021000 rwxp 00000000 00:00 0 
7f4208021000-7f420c000000 ---p 00000000 00:00 0 
7f420c000000-7f420c021000 rwxp 00000000 00:00 0 
7f420c021000-7f4210000000 ---p 00000000 00:00 0 
7f4210000000-7f4210021000 rwxp 00000000 00:00 0 
7f4210021000-7f4214000000 ---p 00000000 00:00 0 
7f4214000000-7f4214021000 rwxp 00000000 00:00 0 
7f4214021000-7f4218000000 ---p 00000000 00:00 0 
7f4218000000-7f4218021000 rwxp 00000000 00:00 0 
7f4218021000-7f421c000000 ---p 00000000 00:00 0 
7f421c000000-7f421c021000 rwxp 00000000 00:00 0 
7f421c021000-7f4220000000 ---p 00000000 00:00 0 
7f4220000000-7f4220021000 rwxp 00000000 00:00 0 
7f4220021000-7f4224000000 ---p 00000000 00:00 0 
7f4224000000-7f4224021000 rwxp 00000000 00:00 0 
7f4224021000-7f4228000000 ---p 00000000 00:00 0 
7f4228000000-7f4228021000 rwxp 00000000 00:00 0 
7f4228021000-7f422c000000 ---p 00000000 00:00 0 
7f422c000000-7f422c021000 rwxp 00000000 00:00 0 
7f422c021000-7f4230000000 ---p 00000000 00:00 0 
7f4230000000-7f4230021000 rwxp 00000000 00:00 0 
7f4230021000-7f4234000000 ---p 00000000 00:00 0 
7f4234000000-7f4234021000 rwxp 00000000 00:00 0 
7f4234021000-7f4238000000 ---p 00000000 00:00 0 
7f4238000000-7f4238021000 rwxp 00000000 00:00 0 
7f4238021000-7f423c000000 ---p 00000000 00:00 0 
7f423c000000-7f423c021000 rwxp 00000000 00:00 0 
7f423c021000-7f4240000000 ---p 00000000 00:00 0 
7f4240000000-7f4240021000 rwxp 00000000 00:00 0 
7f4240021000-7f4244000000 ---p 00000000 00:00 0 
7f4244000000-7f4244021000 rwxp 00000000 00:00 0 
7f4244021000-7f4248000000 ---p 00000000 00:00 0 
7f4248000000-7f4248021000 rwxp 00000000 00:00 0 
7f4248021000-7f424c000000 ---p 00000000 00:00 0 
7f424c000000-7f424c021000 rwxp 00000000 00:00 0 
7f424c021000-7f4250000000 ---p 00000000 00:00 0 
7f4250000000-7f4250021000 rwxp 00000000 00:00 0 
7f4250021000-7f4254000000 ---p 00000000 00:00 0 
7f4254000000-7f4254021000 rwxp 00000000 00:00 0 
7f4254021000-7f4258000000 ---p 00000000 00:00 0 
7f4258000000-7f4258021000 rwxp 00000000 00:00 0 
7f4258021000-7f425c000000 ---p 00000000 00:00 0 
7f425c000000-7f425c021000 rwxp 00000000 00:00 0 
7f425c021000-7f4260000000 ---p 00000000 00:00 0 
7f4260000000-7f4260021000 rwxp 00000000 00:00 0 
7f4260021000-7f4264000000 ---p 00000000 00:00 0 
7f4264000000-7f4264021000 rwxp 00000000 00:00 0 
7f4264021000-7f4268000000 ---p 00000000 00:00 0 
7f4268000000-7f4268021000 rwxp 00000000 00:00 0 
7f4268021000-7f426c000000 ---p 00000000 00:00 0 
7f426c000000-7f426c021000 rwxp 00000000 00:00 0 
7f426c021000-7f4270000000 ---p 00000000 00:00 0 
7f4270000000-7f4270021000 rwxp 00000000 00:00 0 
7f4270021000-7f4274000000 ---p 00000000 00:00 0 
7f4274000000-7f4274021000 rwxp 00000000 00:00 0 
7f4274021000-7f4278000000 ---p 00000000 00:00 0 
7f4278000000-7f4278021000 rwxp 00000000 00:00 0 
7f4278021000-7f427c000000 ---p 00000000 00:00 0 
7f427c000000-7f427c021000 rwxp 00000000 00:00 0 
7f427c021000-7f4280000000 ---p 00000000 00:00 0 
7f4280000000-7f4280021000 rwxp 00000000 00:00 0 
7f4280021000-7f4284000000 ---p 00000000 00:00 0 
7f4284000000-7f4284021000 rwxp 00000000 00:00 0 
7f4284021000-7f4288000000 ---p 00000000 00:00 0 
7f4288000000-7f4288021000 rwxp 00000000 00:00 0 
7f4288021000-7f428c000000 ---p 00000000 00:00 0 
7f428c000000-7f428c021000 rwxp 00000000 00:00 0 
7f428c021000-7f4290000000 ---p 00000000 00:00 0 
7f4290000000-7f4290021000 rwxp 00000000 00:00 0 
7f4290021000-7f4294000000 ---p 00000000 00:00 0 
7f4294000000-7f4294021000 rwxp 00000000 00:00 0 
7f4294021000-7f4298000000 ---p 00000000 00:00 0 
7f4298000000-7f4298021000 rwxp 00000000 00:00 0 
7f4298021000-7f429c000000 ---p 00000000 00:00 0 
7f429c000000-7f429c021000 rwxp 00000000 00:00 0 
7f429c021000-7f42a0000000 ---p 00000000 00:00 0 
7f42a0000000-7f42a0021000 rwxp 00000000 00:00 0 
7f42a0021000-7f42a4000000 ---p 00000000 00:00 0 
7f42a40f1000-7f42a4cfd000 rwxp 00000000 00:00 0 
7f42a4cfd000-7f42a4cfe000 ---p 00000000 00:00 0 
7f42a4cfe000-7f42a4dfe000 rwxp 00000000 00:00 0 
7f42a4dfe000-7f42a4dff000 ---p 00000000 00:00 0 
7f42a4dff000-7f42a4eff000 rwxp 00000000 00:00 0 
7f42a4eff000-7f42a4f00000 ---p 00000000 00:00 0 
7f42a4f00000-7f42a5270000 rwxp 00000000 00:00 0 
7f42a5270000-7f42a8532000 rwxp 00000000 00:00 0 
7f42a8532000-7f42ac000000 ---p 00000000 00:00 0 
7f42ac01a000-7f42ac01b000 ---p 00000000 00:00 0 
7f42ac01b000-7f42ac11b000 rwxp 00000000 00:00 0 
7f42ac11b000-7f42ac11c000 ---p 00000000 00:00 0 
7f42ac11c000-7f42ac21c000 rwxp 00000000 00:00 0 
7f42ac21c000-7f42ac21d000 ---p 00000000 00:00 0 
7f42ac21d000-7f42ac31d000 rwxp 00000000 00:00 0 
7f42ac31d000-7f42ac31e000 ---p 00000000 00:00 0 
7f42ac31e000-7f42ac41e000 rwxp 00000000 00:00 0 
7f42ac41e000-7f42ac41f000 ---p 00000000 00:00 0 
7f42ac41f000-7f42ac51f000 rwxp 00000000 00:00 0 
7f42ac51f000-7f42ac520000 ---p 00000000 00:00 0 
7f42ac520000-7f42ac620000 rwxp 00000000 00:00 0 
7f42ac620000-7f42ac621000 ---p 00000000 00:00 0 
7f42ac621000-7f42ac721000 rwxp 00000000 00:00 0 
7f42ac721000-7f42ac722000 ---p 00000000 00:00 0 
7f42ac722000-7f42ac822000 rwxp 00000000 00:00 0 
7f42ac822000-7f42ac823000 ---p 00000000 00:00 0 
7f42ac823000-7f42ac923000 rwxp 00000000 00:00 0 
7f42ac923000-7f42ac924000 ---p 00000000 00:00 0 
7f42ac924000-7f42aca24000 rwxp 00000000 00:00 0 
7f42aca24000-7f42aca25000 ---p 00000000 00:00 0 
7f42aca25000-7f42acb25000 rwxp 00000000 00:00 0 
7f42acb25000-7f42acb26000 ---p 00000000 00:00 0 
7f42acb26000-7f42acc26000 rwxp 00000000 00:00 0 
7f42acc26000-7f42acc27000 ---p 00000000 00:00 0 
7f42acc27000-7f42acd27000 rwxp 00000000 00:00 0 
7f42acd27000-7f42acd28000 ---p 00000000 00:00 0 
7f42acd28000-7f42ace28000 rwxp 00000000 00:00 0 
7f42ace28000-7f42ace29000 ---p 00000000 00:00 0 
7f42ace29000-7f42acf29000 rwxp 00000000 00:00 0 
7f42acf29000-7f42acf2a000 ---p 00000000 00:00 0 
7f42acf2a000-7f42ad02a000 rwxp 00000000 00:00 0 
7f42ad02a000-7f42ad02b000 ---p 00000000 00:00 0 
7f42ad02b000-7f42ad12b000 rwxp 00000000 00:00 0 
7f42ad12b000-7f42ad12c000 ---p 00000000 00:00 0 
7f42ad12c000-7f42ad22c000 rwxp 00000000 00:00 0 
7f42ad22c000-7f42ad22d000 ---p 00000000 00:00 0 
7f42ad22d000-7f42ad32d000 rwxp 00000000 00:00 0 
7f42ad32d000-7f42ad32e000 ---p 00000000 00:00 0 
7f42ad32e000-7f42ad42e000 rwxp 00000000 00:00 0 
7f42ad42e000-7f42ad42f000 ---p 00000000 00:00 0 
7f42ad42f000-7f42ad52f000 rwxp 00000000 00:00 0 
7f42ad52f000-7f42ad530000 ---p 00000000 00:00 0 
7f42ad530000-7f42ad630000 rwxp 00000000 00:00 0 
7f42ad630000-7f42ad631000 ---p 00000000 00:00 0 
7f42ad631000-7f42ad731000 rwxp 00000000 00:00 0 
7f42ad731000-7f42ad732000 ---p 00000000 00:00 0 
7f42ad732000-7f42ad832000 rwxp 00000000 00:00 0 
7f42ad832000-7f42ad833000 ---p 00000000 00:00 0 
7f42ad833000-7f42ad933000 rwxp 00000000 00:00 0 
7f42ad933000-7f42ad934000 ---p 00000000 00:00 0 
7f42ad934000-7f42ada34000 rwxp 00000000 00:00 0 
7f42ada34000-7f42ada35000 ---p 00000000 00:00 0 
7f42ada35000-7f42adb35000 rwxp 00000000 00:00 0 
7f42adb35000-7f42adb36000 ---p 00000000 00:00 0 
7f42adb36000-7f42adc36000 rwxp 00000000 00:00 0 
7f42adc36000-7f42adc37000 ---p 00000000 00:00 0 
7f42adc37000-7f42add37000 rwxp 00000000 00:00 0 
7f42add37000-7f42add38000 ---p 00000000 00:00 0 
7f42add38000-7f42ade38000 rwxp 00000000 00:00 0 
7f42ade38000-7f42ade39000 ---p 00000000 00:00 0 
7f42ade39000-7f42adf39000 rwxp 00000000 00:00 0 
7f42adf39000-7f42adf3a000 ---p 00000000 00:00 0 
7f42adf3a000-7f42ae03a000 rwxp 00000000 00:00 0 
7f42ae03a000-7f42ae03b000 ---p 00000000 00:00 0 
7f42ae03b000-7f42ae13b000 rwxp 00000000 00:00 0 
7f42ae13b000-7f42ae13c000 ---p 00000000 00:00 0 
7f42ae13c000-7f42ae23c000 rwxp 00000000 00:00 0 
7f42ae23c000-7f42ae23d000 ---p 00000000 00:00 0 
7f42ae23d000-7f42ae33d000 rwxp 00000000 00:00 0 
7f42ae33d000-7f42ae33e000 ---p 00000000 00:00 0 
7f42ae33e000-7f42ae43e000 rwxp 00000000 00:00 0 
7f42ae43e000-7f42ae43f000 ---p 00000000 00:00 0 
7f42ae43f000-7f42ae53f000 rwxp 00000000 00:00 0 
7f42ae53f000-7f42ae540000 ---p 00000000 00:00 0 
7f42ae540000-7f42ae640000 rwxp 00000000 00:00 0 
7f42ae640000-7f42ae641000 ---p 00000000 00:00 0 
7f42ae641000-7f42ae741000 rwxp 00000000 00:00 0 
7f42ae741000-7f42ae742000 ---p 00000000 00:00 0 
7f42ae742000-7f42ae842000 rwxp 00000000 00:00 0 
7f42ae842000-7f42ae843000 ---p 00000000 00:00 0 
7f42ae843000-7f42ae943000 rwxp 00000000 00:00 0 
7f42ae943000-7f42ae944000 ---p 00000000 00:00 0 
7f42ae944000-7f42aea44000 rwxp 00000000 00:00 0 
7f42aea44000-7f42aea45000 ---p 00000000 00:00 0 
7f42aea45000-7f42aeb45000 rwxp 00000000 00:00 0 
7f42aeb45000-7f42aeb46000 ---p 00000000 00:00 0 
7f42aeb46000-7f42aec46000 rwxp 00000000 00:00 0 
7f42aec46000-7f42aec47000 ---p 00000000 00:00 0 
7f42aec47000-7f42aed47000 rwxp 00000000 00:00 0 
7f42aed47000-7f42aed55000 r-xp 00000000 fd:00 87205417                   /cao/Softs/mentor/ams/JRE/v1.6.0_22/aol/lib/amd64/libzip.so
7f42aed55000-7f42aee57000 ---p 0000e000 fd:00 87205417                   /cao/Softs/mentor/ams/JRE/v1.6.0_22/aol/lib/amd64/libzip.so
7f42aee57000-7f42aee5a000 rwxp 00010000 fd:00 87205417                   /cao/Softs/mentor/ams/JRE/v1.6.0_22/aol/lib/amd64/libzip.so
7f42aee5a000-7f42aee5b000 rwxp 00000000 00:00 0 
7f42aee5b000-7f42aee67000 r-xp 00000000 fd:00 268516897                  /usr/lib64/libnss_files-2.17.so
7f42aee67000-7f42af066000 ---p 0000c000 fd:00 268516897                  /usr/lib64/libnss_files-2.17.so
7f42af066000-7f42af067000 r-xp 0000b000 fd:00 268516897                  /usr/lib64/libnss_files-2.17.so
7f42af067000-7f42af068000 rwxp 0000c000 fd:00 268516897                  /usr/lib64/libnss_files-2.17.so
7f42af068000-7f42af06e000 rwxp 00000000 00:00 0 
7f42af06e000-7f42af075000 r-xp 00000000 fd:00 87205346                   /cao/Softs/mentor/ams/JRE/v1.6.0_22/aol/lib/amd64/native_threads/libhpi.so
7f42af075000-7f42af176000 ---p 00007000 fd:00 87205346                   /cao/Softs/mentor/ams/JRE/v1.6.0_22/aol/lib/amd64/native_threads/libhpi.so
7f42af176000-7f42af178000 rwxp 00008000 fd:00 87205346                   /cao/Softs/mentor/ams/JRE/v1.6.0_22/aol/lib/amd64/native_threads/libhpi.so
7f42af178000-7f42af179000 rwxp 00000000 00:00 0 
7f42af179000-7f42af190000 r-xp 00000000 fd:00 268516889                  /usr/lib64/libnsl-2.17.so
7f42af190000-7f42af38f000 ---p 00017000 fd:00 268516889                  /usr/lib64/libnsl-2.17.so
7f42af38f000-7f42af390000 r-xp 00016000 fd:00 268516889                  /usr/lib64/libnsl-2.17.so
7f42af390000-7f42af391000 rwxp 00017000 fd:00 268516889                  /usr/lib64/libnsl-2.17.so
7f42af391000-7f42af393000 rwxp 00000000 00:00 0 
7f42af393000-7f42af3bb000 r-xp 00000000 fd:00 87205364                   /cao/Softs/mentor/ams/JRE/v1.6.0_22/aol/lib/amd64/libjava.so
7f42af3bb000-7f42af4bb000 ---p 00028000 fd:00 87205364                   /cao/Softs/mentor/ams/JRE/v1.6.0_22/aol/lib/amd64/libjava.so
7f42af4bb000-7f42af4c2000 rwxp 00028000 fd:00 87205364                   /cao/Softs/mentor/ams/JRE/v1.6.0_22/aol/lib/amd64/libjava.so
7f42af4c2000-7f42af4cf000 r-xp 00000000 fd:00 87205416                   /cao/Softs/mentor/ams/JRE/v1.6.0_22/aol/lib/amd64/libverify.so
7f42af4cf000-7f42af5ce000 ---p 0000d000 fd:00 87205416                   /cao/Softs/mentor/ams/JRE/v1.6.0_22/aol/lib/amd64/libverify.so
7f42af5ce000-7f42af5d1000 rwxp 0000c000 fd:00 87205416                   /cao/Softs/mentor/ams/JRE/v1.6.0_22/aol/lib/amd64/libverify.so
7f42af5d1000-7f42af5d8000 r-xp 00000000 fd:00 268516909                  /usr/lib64/librt-2.17.so
7f42af5d8000-7f42af7d7000 ---p 00007000 fd:00 268516909                  /usr/lib64/librt-2.17.so
7f42af7d7000-7f42af7d8000 r-xp 00006000 fd:00 268516909                  /usr/lib64/librt-2.17.so
7f42af7d8000-7f42af7d9000 rwxp 00007000 fd:00 268516909                  /usr/lib64/librt-2.17.so
7f42af7d9000-7f42af7dd000 ---p 00000000 00:00 0 
7f42af7dd000-7f42af8da000 rwxp 00000000 00:00 0 
7f42af8da000-7f42af9db000 r-xp 00000000 fd:00 268516887                  /usr/lib64/libm-2.17.so
7f42af9db000-7f42afbda000 ---p 00101000 fd:00 268516887                  /usr/lib64/libm-2.17.so
7f42afbda000-7f42afbdb000 r-xp 00100000 fd:00 268516887                  /usr/lib64/libm-2.17.so
7f42afbdb000-7f42afbdc000 rwxp 00101000 fd:00 268516887                  /usr/lib64/libm-2.17.so
7f42afbdc000-7f42b03b6000 r-xp 00000000 fd:00 87205348                   /cao/Softs/mentor/ams/JRE/v1.6.0_22/aol/lib/amd64/server/libjvm.so
7f42b03b6000-7f42b04b8000 ---p 007da000 fd:00 87205348                   /cao/Softs/mentor/ams/JRE/v1.6.0_22/aol/lib/amd64/server/libjvm.so
7f42b04b8000-7f42b0649000 rwxp 007dc000 fd:00 87205348                   /cao/Softs/mentor/ams/JRE/v1.6.0_22/aol/lib/amd64/server/libjvm.so
7f42b0649000-7f42b0684000 rwxp 00000000 00:00 0 
7f42b0684000-7f42b0847000 r-xp 00000000 fd:00 268516879                  /usr/lib64/libc-2.17.so
7f42b0847000-7f42b0a47000 ---p 001c3000 fd:00 268516879                  /usr/lib64/libc-2.17.so
7f42b0a47000-7f42b0a4b000 r-xp 001c3000 fd:00 268516879                  /usr/lib64/libc-2.17.so
7f42b0a4b000-7f42b0a4d000 rwxp 001c7000 fd:00 268516879                  /usr/lib64/libc-2.17.so
7f42b0a4d000-7f42b0a52000 rwxp 00000000 00:00 0 
7f42b0a52000-7f42b0a54000 r-xp 00000000 fd:00 268516885                  /usr/lib64/libdl-2.17.so
7f42b0a54000-7f42b0c54000 ---p 00002000 fd:00 268516885                  /usr/lib64/libdl-2.17.so
7f42b0c54000-7f42b0c55000 r-xp 00002000 fd:00 268516885                  /usr/lib64/libdl-2.17.so
7f42b0c55000-7f42b0c56000 rwxp 00003000 fd:00 268516885                  /usr/lib64/libdl-2.17.so
7f42b0c56000-7f42b0c6d000 r-xp 00000000 fd:00 268516905                  /usr/lib64/libpthread-2.17.so
7f42b0c6d000-7f42b0e6c000 ---p 00017000 fd:00 268516905                  /usr/lib64/libpthread-2.17.so
7f42b0e6c000-7f42b0e6d000 r-xp 00016000 fd:00 268516905                  /usr/lib64/libpthread-2.17.so
7f42b0e6d000-7f42b0e6e000 rwxp 00017000 fd:00 268516905                  /usr/lib64/libpthread-2.17.so
7f42b0e6e000-7f42b0e72000 rwxp 00000000 00:00 0 
7f42b0e72000-7f42b0e94000 r-xp 00000000 fd:00 268516872                  /usr/lib64/ld-2.17.so
7f42b0eb9000-7f42b0ec3000 rwxp 00000000 00:00 0 
7f42b0ec3000-7f42b0f79000 rwxp 00000000 00:00 0 
7f42b0f79000-7f42b0f81000 rwxs 00000000 fd:00 652427835                  /tmp/hsperfdata_filip/240653
7f42b0f81000-7f42b0f82000 rwxp 00000000 00:00 0 
7f42b0f82000-7f42b0f83000 r-xp 00000000 00:00 0 
7f42b0f83000-7f42b0f87000 rwxp 00000000 00:00 0 
7f42b0f87000-7f42b0f8e000 r-xp 00000000 fd:00 352390253                  /cao/Softs/mentor/ams/JRE/v1.6.0_22/aol/lib/amd64/jli/libjli.so
7f42b0f8e000-7f42b108f000 ---p 00007000 fd:00 352390253                  /cao/Softs/mentor/ams/JRE/v1.6.0_22/aol/lib/amd64/jli/libjli.so
7f42b108f000-7f42b1091000 rwxp 00008000 fd:00 352390253                  /cao/Softs/mentor/ams/JRE/v1.6.0_22/aol/lib/amd64/jli/libjli.so
7f42b1091000-7f42b1093000 rwxp 00000000 00:00 0 
7f42b1093000-7f42b1094000 r-xp 00021000 fd:00 268516872                  /usr/lib64/ld-2.17.so
7f42b1094000-7f42b1095000 rwxp 00022000 fd:00 268516872                  /usr/lib64/ld-2.17.so
7f42b1095000-7f42b1096000 rwxp 00000000 00:00 0 
7ffe0a385000-7ffe0a3ab000 rwxp 00000000 00:00 0                          [stack]
7ffe0a3bb000-7ffe0a3bd000 r-xp 00000000 00:00 0                          [vdso]
ffffffffff600000-ffffffffff601000 r-xp 00000000 00:00 0                  [vsyscall]

VM Arguments:
jvm_args: -DMGC_TMPDIR=/tmp -DAMS_WDBSERVER_INFO=/home/filip/.ezwave/jwdbserver.info -DAMS_WDBSERVER_TIMEOUT=60 -DEZ_HOME=/home/filip -DMGC_AMS_HOME=/cao/Softs/mentor/ams -DAMS_VCO=aol -Djava.library.path=/cao/Softs/mentor/ams/aol/lib/lib -Xrs -Xms32000M -Xmx32000M -XX:MaxPermSize=512m -XX:+UseConcMarkSweepGC -XX:+UseParNewGC -XX:+CMSParallelRemarkEnabled -XX:CMSInitiatingOccupancyFraction=30 -XX:+UseCMSInitiatingOccupancyOnly -XX:-UseGCOverheadLimit -XX:+UseStringCache -XX:+OptimizeStringConcat -XX:+UseCompressedOops 
java_command: /cao/Softs/mentor/ams/aol/lib/wdbserver.jar
Launcher Type: SUN_STANDARD

Environment Variables:
LD_LIBRARY_PATH=/cao/Softs/mentor/ams/JRE/v1.6.0_22/aol/lib/amd64/server:/cao/Softs/mentor/ams/JRE/v1.6.0_22/aol/lib/amd64:/cao/Softs/mentor/ams/JRE/v1.6.0_22/aol/../lib/amd64:/cao/Softs/mentor/ams/devenv_tools/x86_64/2.6.18.128.el5/lib64:/cao/Softs/mentor/ams/devenv_tools/x86_64/2.6.18.128.el5/lib64:/cao/Softs/mentor/ams/devenv_tools/x86_64/2.6.18.128.el5/lib:/cao/Softs/mentor/ams/devenv_tools/x86_64/2.6.18.128.el5/lib:/lib64:/cao/Softs/mentor/ams/modeltech/linux_x86_64:/cao/Softs/mentor/ams/aol/lib:/cao/Softs/cadence/IC617/tools/lib
SHELL=/bin/bash
DISPLAY=:2
HOSTTYPE=x86_64-linux
OSTYPE=linux
MACHTYPE=x86_64

Signal Handlers:
SIGSEGV: [libjvm.so+0x731250], sa_mask[0]=0x7ffbfeff, sa_flags=0x10000004
SIGBUS: [libjvm.so+0x731250], sa_mask[0]=0x7ffbfeff, sa_flags=0x10000004
SIGFPE: [libjvm.so+0x5f5e30], sa_mask[0]=0x7ffbfeff, sa_flags=0x10000004
SIGPIPE: [libjvm.so+0x5f5e30], sa_mask[0]=0x7ffbfeff, sa_flags=0x10000004
SIGXFSZ: [libjvm.so+0x5f5e30], sa_mask[0]=0x7ffbfeff, sa_flags=0x10000004
SIGILL: [libjvm.so+0x5f5e30], sa_mask[0]=0x7ffbfeff, sa_flags=0x10000004
SIGUSR1: SIG_DFL, sa_mask[0]=0x00000000, sa_flags=0x00000000
SIGUSR2: [libjvm.so+0x5f8650], sa_mask[0]=0x00000000, sa_flags=0x10000004
SIGHUP: SIG_DFL, sa_mask[0]=0x00000000, sa_flags=0x00000000
SIGINT: SIG_IGN, sa_mask[0]=0x00000000, sa_flags=0x00000000
SIGTERM: SIG_DFL, sa_mask[0]=0x00000000, sa_flags=0x00000000
SIGQUIT: SIG_DFL, sa_mask[0]=0x00000000, sa_flags=0x00000000


---------------  S Y S T E M  ---------------

OS:CentOS Linux release 7.8.2003 (Core)

uname:Linux 3.10.0-1127.19.1.el7.x86_64 #1 SMP Tue Aug 25 17:23:54 UTC 2020 x86_64
libc:glibc 2.17 NPTL 2.17 
rlimit: STACK 10240k, CORE 0k, NPROC 4096, NOFILE 4096, AS infinity
load average:15.51 15.51 15.42

CPU:total 72 (32 cores per cpu, 2 threads per core) family 6 model 85 stepping 7, cmov, cx8, fxsr, mmx, sse, sse2, sse3, ssse3, sse4.1, sse4.2, popcnt, ht

Memory: 4k page, physical 97402164k(354680k free), swap 4194300k(3974396k free)

vm_info: Java HotSpot(TM) 64-Bit Server VM (17.1-b03) for linux-amd64 JRE (1.6.0_22-b04), built on Sep 15 2010 01:07:59 by "java_re" with gcc 3.2.2 (SuSE Linux)

time: Sat Jul 27 12:00:35 2024
elapsed time: 0 seconds

